// Jest Snapshot v1, https://goo.gl/fbAQLP

exports[`Groceries view should have a snapshop of page 1`] = `"<!DOCTYPE html><html><head><title>Groceries</title><meta name=\\"viewport\\" content=\\"width=device-width, initial-scale=1, shrink-to-fit=no\\"><link rel=\\"stylesheet\\" href=\\"/style.css\\"></head><body><div class=\\"container\\"><div class=\\"row\\"><div class=\\"col-md-12\\">          <div class=\\"pageHeader\\"><img class=\\"logo\\" src=\\"logo.png\\" width=\\"150\\" height=\\"50\\"><h3>Groceries</h3></div></div></div><div class=\\"row\\"> <div class=\\"col-md-9\\" style=\\"border-right: solid;\\"><table class=\\"table center\\"><thead><tr><th scope=\\"col\\">Item</th><th scope=\\"col\\">Action</th></tr></thead><tbody><tr><td><s></s></td><td>                    <button class=\\"btn btn-secondary\\" type=\\"button\\" disabled=\\"\\">Purchased</button></td></tr><tr><td><s></s></td><td>                    <button class=\\"btn btn-secondary\\" type=\\"button\\" disabled=\\"\\">Purchased</button></td></tr></tbody></table></div><div class=\\"col-md-3\\"> <h5 class=\\"text-center\\" id=\\"add-grocery\\" style=\\"padding-top: 5%;\\">Add Grocery Item</h5><form action=\\"/\\" method=\\"POST\\"><div class=\\"row\\"><div class=\\"col-md-12\\"><input class=\\"form-control\\" type=\\"text\\" name=\\"itemToAdd\\" placeholder=\\"item*\\" required=\\"true\\" style=\\"margin-bottom: 5%;\\"></div></div><div class=\\"row\\"><div class=\\"col-md-12\\"><button class=\\"btn btn-info btn-block waves-effect waves-light\\" type=\\"submit\\">Submit</button></div></div></form></div></div></div></body></html>"`;
